table: 0xc001b0f2c0 {
  ["MatchTime"] => 60
  ["RoundTime"] => 60
  ["WinSide"] => 1
  ["LastRound"] => 1
  ["Draws"] => 0
  ["Wins"] => table: 0xc001b0f320 {
                [1] => 0
                [2] => 1
              }
  ["TeamModes"] => table: 0xc001b0f380 {
                     [1] => 0
                     [2] => 0
                   }
  ["TotalScore"] => table: 0xc001b0f3e0 {
                      [1] => 0
                      [2] => 27100
                    }
  ["Rounds"] => table: 0xc001b0f440 {
                  [1] => table: 0xc001b0f4a0 {
                           ["Index"] => 1
                           ["Timer"] => 60
                           ["Score"] => table: 0xc001b0f500 {
                                          [1] => 0
                                          [2] => 27100
                                        }
                           ["Fighters"] => table: 0xc001b0f560 {
                                             [1] => table: 0xc001b0f5c0 {
                                                      [1] => table: 0xc001b0f620 {
                                                               ["Name"] => "Kung Fu Man"
                                                               ["ID"] => 56
                                                               ["MemberNo"] => 0
                                                               ["SelectNo"] => 0
                                                               ["AILevel"] => 8
                                                               ["PalNo"] => 2
                                                               ["Life"] => 928
                                                               ["LifeMax"] => 1000
                                                               ["WinQuote"] => -1
                                                               ["Win"] => false
                                                               ["WinKO"] => false
                                                               ["WinTime"] => false
                                                               ["WinPerfect"] => false
                                                               ["WinSpecial"] => false
                                                               ["WinHyper"] => false
                                                               ["DrawGame"] => false
                                                               ["KO"] => false
                                                               ["OverKO"] => false
                                                             }
                                                    }
                                             [2] => table: 0xc001b0f680 {
                                                      [1] => table: 0xc001b0f6e0 {
                                                               ["Name"] => "Kung Fu Man"
                                                               ["ID"] => 57
                                                               ["MemberNo"] => 0
                                                               ["SelectNo"] => 0
                                                               ["AILevel"] => 8
                                                               ["PalNo"] => 1
                                                               ["Life"] => 1000
                                                               ["LifeMax"] => 1000
                                                               ["WinQuote"] => -1
                                                               ["Win"] => true
                                                               ["WinKO"] => false
                                                               ["WinTime"] => true
                                                               ["WinPerfect"] => true
                                                               ["WinSpecial"] => false
                                                               ["WinHyper"] => false
                                                               ["DrawGame"] => false
                                                               ["KO"] => false
                                                               ["OverKO"] => false
                                                             }
                                                    }
                                           }
                         }
                }
}
