table: 0xc000bee600 {
  ["MatchTime"] => 60
  ["RoundTime"] => 60
  ["WinSide"] => 1
  ["LastRound"] => 1
  ["Draws"] => 0
  ["Wins"] => table: 0xc000bee660 {
                [1] => 0
                [2] => 1
              }
  ["TeamModes"] => table: 0xc000bee6c0 {
                     [1] => 0
                     [2] => 0
                   }
  ["TotalScore"] => table: 0xc000bee720 {
                      [1] => 0
                      [2] => 28300
                    }
  ["Rounds"] => table: 0xc000bee780 {
                  [1] => table: 0xc000bee7e0 {
                           ["Index"] => 1
                           ["Timer"] => 60
                           ["Score"] => table: 0xc000bee840 {
                                          [1] => 0
                                          [2] => 28300
                                        }
                           ["Fighters"] => table: 0xc000bee8a0 {
                                             [1] => table: 0xc000bee900 {
                                                      [1] => table: 0xc000bee960 {
                                                               ["Name"] => "Kung Fu Man"
                                                               ["ID"] => 56
                                                               ["MemberNo"] => 0
                                                               ["SelectNo"] => 0
                                                               ["AILevel"] => 8
                                                               ["PalNo"] => 1
                                                               ["Life"] => 854
                                                               ["LifeMax"] => 1000
                                                               ["WinQuote"] => -1
                                                               ["Win"] => false
                                                               ["WinKO"] => false
                                                               ["WinTime"] => false
                                                               ["WinPerfect"] => false
                                                               ["WinSpecial"] => false
                                                               ["WinHyper"] => false
                                                               ["DrawGame"] => false
                                                               ["KO"] => false
                                                               ["OverKO"] => false
                                                             }
                                                    }
                                             [2] => table: 0xc000bee9c0 {
                                                      [1] => table: 0xc000beea20 {
                                                               ["Name"] => "Kung Fu Man"
                                                               ["ID"] => 57
                                                               ["MemberNo"] => 0
                                                               ["SelectNo"] => 0
                                                               ["AILevel"] => 8
                                                               ["PalNo"] => 2
                                                               ["Life"] => 1000
                                                               ["LifeMax"] => 1000
                                                               ["WinQuote"] => -1
                                                               ["Win"] => true
                                                               ["WinKO"] => false
                                                               ["WinTime"] => true
                                                               ["WinPerfect"] => true
                                                               ["WinSpecial"] => false
                                                               ["WinHyper"] => false
                                                               ["DrawGame"] => false
                                                               ["KO"] => false
                                                               ["OverKO"] => false
                                                             }
                                                    }
                                           }
                         }
                }
}
