table: 0xc0151c4c60 {
  ["MatchTime"] => 60
  ["RoundTime"] => 60
  ["WinSide"] => 0
  ["LastRound"] => 1
  ["Draws"] => 0
  ["Wins"] => table: 0xc0151c4cc0 {
                [1] => 1
                [2] => 0
              }
  ["TeamModes"] => table: 0xc0151c4d20 {
                     [1] => 0
                     [2] => 0
                   }
  ["TotalScore"] => table: 0xc0151c4d80 {
                      [1] => 26900
                      [2] => 0
                    }
  ["Rounds"] => table: 0xc0151c4de0 {
                  [1] => table: 0xc0151c4e40 {
                           ["Index"] => 1
                           ["Timer"] => 60
                           ["Score"] => table: 0xc0151c4ea0 {
                                          [1] => 26900
                                          [2] => 0
                                        }
                           ["Fighters"] => table: 0xc0151c4f00 {
                                             [1] => table: 0xc0151c4f60 {
                                                      [1] => table: 0xc0151c4fc0 {
                                                               ["Name"] => "SSF2HD_Ryu"
                                                               ["ID"] => 56
                                                               ["MemberNo"] => 0
                                                               ["SelectNo"] => 0
                                                               ["AILevel"] => 8
                                                               ["PalNo"] => 1
                                                               ["Life"] => 1000
                                                               ["LifeMax"] => 1000
                                                               ["WinQuote"] => -1
                                                               ["Win"] => true
                                                               ["WinKO"] => false
                                                               ["WinTime"] => true
                                                               ["WinPerfect"] => true
                                                               ["WinSpecial"] => false
                                                               ["WinHyper"] => false
                                                               ["DrawGame"] => false
                                                               ["KO"] => false
                                                               ["OverKO"] => false
                                                             }
                                                    }
                                             [2] => table: 0xc0151c5020 {
                                                      [1] => table: 0xc0151c5080 {
                                                               ["Name"] => "Cammy"
                                                               ["ID"] => 57
                                                               ["MemberNo"] => 0
                                                               ["SelectNo"] => 1
                                                               ["AILevel"] => 8
                                                               ["PalNo"] => 1
                                                               ["Life"] => 960
                                                               ["LifeMax"] => 1000
                                                               ["WinQuote"] => -1
                                                               ["Win"] => false
                                                               ["WinKO"] => false
                                                               ["WinTime"] => false
                                                               ["WinPerfect"] => false
                                                               ["WinSpecial"] => false
                                                               ["WinHyper"] => false
                                                               ["DrawGame"] => false
                                                               ["KO"] => false
                                                               ["OverKO"] => false
                                                             }
                                                    }
                                           }
                         }
                }
}
