table: 0xc029803e00 {
  ["MatchTime"] => 60
  ["RoundTime"] => 60
  ["WinSide"] => 1
  ["LastRound"] => 1
  ["Draws"] => 0
  ["Wins"] => table: 0xc029803e60 {
                [1] => 0
                [2] => 1
              }
  ["TeamModes"] => table: 0xc029803ec0 {
                     [1] => 0
                     [2] => 0
                   }
  ["TotalScore"] => table: 0xc029803f20 {
                      [1] => 0
                      [2] => 27800
                    }
  ["Rounds"] => table: 0xc029803f80 {
                  [1] => table: 0xc029998000 {
                           ["Index"] => 1
                           ["Timer"] => 60
                           ["Score"] => table: 0xc029998060 {
                                          [1] => 0
                                          [2] => 27800
                                        }
                           ["Fighters"] => table: 0xc0299980c0 {
                                             [1] => table: 0xc029998120 {
                                                      [1] => table: 0xc029998180 {
                                                               ["Name"] => "Ruby Rose"
                                                               ["ID"] => 56
                                                               ["MemberNo"] => 0
                                                               ["SelectNo"] => 0
                                                               ["AILevel"] => 8
                                                               ["PalNo"] => 1
                                                               ["Life"] => 963
                                                               ["LifeMax"] => 1000
                                                               ["WinQuote"] => -1
                                                               ["Win"] => false
                                                               ["WinKO"] => false
                                                               ["WinTime"] => false
                                                               ["WinPerfect"] => false
                                                               ["WinSpecial"] => false
                                                               ["WinHyper"] => false
                                                               ["DrawGame"] => false
                                                               ["KO"] => false
                                                               ["OverKO"] => false
                                                             }
                                                    }
                                             [2] => table: 0xc0299981e0 {
                                                      [1] => table: 0xc029998240 {
                                                               ["Name"] => "Yang Xiao Long"
                                                               ["ID"] => 57
                                                               ["MemberNo"] => 0
                                                               ["SelectNo"] => 1
                                                               ["AILevel"] => 8
                                                               ["PalNo"] => 1
                                                               ["Life"] => 1100
                                                               ["LifeMax"] => 1100
                                                               ["WinQuote"] => -1
                                                               ["Win"] => true
                                                               ["WinKO"] => false
                                                               ["WinTime"] => true
                                                               ["WinPerfect"] => true
                                                               ["WinSpecial"] => false
                                                               ["WinHyper"] => false
                                                               ["DrawGame"] => false
                                                               ["KO"] => false
                                                               ["OverKO"] => false
                                                             }
                                                    }
                                           }
                         }
                }
}
