table: 0xc0012e3920 {
  ["MatchTime"] => 120
  ["RoundTime"] => 60
  ["WinSide"] => 1
  ["LastRound"] => 2
  ["Draws"] => 1
  ["Wins"] => table: 0xc0012e3980 {
                [1] => 0
                [2] => 1
              }
  ["TeamModes"] => table: 0xc0012e39e0 {
                     [1] => 0
                     [2] => 0
                   }
  ["TotalScore"] => table: 0xc0012e3a40 {
                      [1] => 1800
                      [2] => 28900
                    }
  ["Rounds"] => table: 0xc0012e3aa0 {
                  [1] => table: 0xc0012e3b00 {
                           ["Index"] => 1
                           ["Timer"] => 60
                           ["Score"] => table: 0xc0012e3b60 {
                                          [1] => 1800
                                          [2] => 1800
                                        }
                           ["Fighters"] => table: 0xc0012e3bc0 {
                                             [1] => table: 0xc0012e3c20 {
                                                      [1] => table: 0xc0012e3c80 {
                                                               ["Name"] => "Kung Fu Man"
                                                               ["ID"] => 56
                                                               ["MemberNo"] => 0
                                                               ["SelectNo"] => 0
                                                               ["AILevel"] => 8
                                                               ["PalNo"] => 1
                                                               ["Life"] => 977
                                                               ["LifeMax"] => 1000
                                                               ["WinQuote"] => -1
                                                               ["Win"] => false
                                                               ["WinKO"] => false
                                                               ["WinTime"] => false
                                                               ["WinPerfect"] => false
                                                               ["WinSpecial"] => false
                                                               ["WinHyper"] => false
                                                               ["DrawGame"] => true
                                                               ["KO"] => false
                                                               ["OverKO"] => false
                                                             }
                                                    }
                                             [2] => table: 0xc0012e3ce0 {
                                                      [1] => table: 0xc0012e3d40 {
                                                               ["Name"] => "Kung Fu Man"
                                                               ["ID"] => 57
                                                               ["MemberNo"] => 0
                                                               ["SelectNo"] => 0
                                                               ["AILevel"] => 8
                                                               ["PalNo"] => 2
                                                               ["Life"] => 977
                                                               ["LifeMax"] => 1000
                                                               ["WinQuote"] => -1
                                                               ["Win"] => false
                                                               ["WinKO"] => false
                                                               ["WinTime"] => false
                                                               ["WinPerfect"] => false
                                                               ["WinSpecial"] => false
                                                               ["WinHyper"] => false
                                                               ["DrawGame"] => true
                                                               ["KO"] => false
                                                               ["OverKO"] => false
                                                             }
                                                    }
                                           }
                         }
                  [2] => table: 0xc0012e3da0 {
                           ["Index"] => 2
                           ["Timer"] => 60
                           ["Score"] => table: 0xc0012e3e00 {
                                          [1] => 0
                                          [2] => 27100
                                        }
                           ["Fighters"] => table: 0xc0012e3e60 {
                                             [1] => table: 0xc0012e3ec0 {
                                                      [1] => table: 0xc0012e3f20 {
                                                               ["Name"] => "Kung Fu Man"
                                                               ["ID"] => 56
                                                               ["MemberNo"] => 0
                                                               ["SelectNo"] => 0
                                                               ["AILevel"] => 8
                                                               ["PalNo"] => 1
                                                               ["Life"] => 928
                                                               ["LifeMax"] => 1000
                                                               ["WinQuote"] => -1
                                                               ["Win"] => false
                                                               ["WinKO"] => false
                                                               ["WinTime"] => false
                                                               ["WinPerfect"] => false
                                                               ["WinSpecial"] => false
                                                               ["WinHyper"] => false
                                                               ["DrawGame"] => false
                                                               ["KO"] => false
                                                               ["OverKO"] => false
                                                             }
                                                    }
                                             [2] => table: 0xc0012e3f80 {
                                                      [1] => table: 0xc0023d4000 {
                                                               ["Name"] => "Kung Fu Man"
                                                               ["ID"] => 57
                                                               ["MemberNo"] => 0
                                                               ["SelectNo"] => 0
                                                               ["AILevel"] => 8
                                                               ["PalNo"] => 2
                                                               ["Life"] => 1000
                                                               ["LifeMax"] => 1000
                                                               ["WinQuote"] => -1
                                                               ["Win"] => true
                                                               ["WinKO"] => false
                                                               ["WinTime"] => true
                                                               ["WinPerfect"] => true
                                                               ["WinSpecial"] => false
                                                               ["WinHyper"] => false
                                                               ["DrawGame"] => false
                                                               ["KO"] => false
                                                               ["OverKO"] => false
                                                             }
                                                    }
                                           }
                         }
                }
}
