table: 0xc00096c6c0 {
  ["MatchTime"] => 120
  ["RoundTime"] => 60
  ["WinSide"] => 0
  ["LastRound"] => 2
  ["Draws"] => 1
  ["Wins"] => table: 0xc00096c720 {
                [1] => 1
                [2] => 0
              }
  ["TeamModes"] => table: 0xc00096c780 {
                     [1] => 0
                     [2] => 0
                   }
  ["TotalScore"] => table: 0xc00096c7e0 {
                      [1] => 27100
                      [2] => 0
                    }
  ["Rounds"] => table: 0xc00096c840 {
                  [1] => table: 0xc00096c8a0 {
                           ["Index"] => 1
                           ["Timer"] => 60
                           ["Score"] => table: 0xc00096c900 {
                                          [1] => 0
                                          [2] => 0
                                        }
                           ["Fighters"] => table: 0xc00096c960 {
                                             [1] => table: 0xc00096c9c0 {
                                                      [1] => table: 0xc00096ca20 {
                                                               ["Name"] => "Kung Fu Man"
                                                               ["ID"] => 56
                                                               ["MemberNo"] => 0
                                                               ["SelectNo"] => 0
                                                               ["AILevel"] => 8
                                                               ["PalNo"] => 1
                                                               ["Life"] => 1000
                                                               ["LifeMax"] => 1000
                                                               ["WinQuote"] => -1
                                                               ["Win"] => false
                                                               ["WinKO"] => false
                                                               ["WinTime"] => false
                                                               ["WinPerfect"] => false
                                                               ["WinSpecial"] => false
                                                               ["WinHyper"] => false
                                                               ["DrawGame"] => true
                                                               ["KO"] => false
                                                               ["OverKO"] => false
                                                             }
                                                    }
                                             [2] => table: 0xc00096ca80 {
                                                      [1] => table: 0xc00096cae0 {
                                                               ["Name"] => "Kung Fu Man"
                                                               ["ID"] => 57
                                                               ["MemberNo"] => 0
                                                               ["SelectNo"] => 0
                                                               ["AILevel"] => 8
                                                               ["PalNo"] => 2
                                                               ["Life"] => 1000
                                                               ["LifeMax"] => 1000
                                                               ["WinQuote"] => -1
                                                               ["Win"] => false
                                                               ["WinKO"] => false
                                                               ["WinTime"] => false
                                                               ["WinPerfect"] => false
                                                               ["WinSpecial"] => false
                                                               ["WinHyper"] => false
                                                               ["DrawGame"] => true
                                                               ["KO"] => false
                                                               ["OverKO"] => false
                                                             }
                                                    }
                                           }
                         }
                  [2] => table: 0xc00096cb40 {
                           ["Index"] => 2
                           ["Timer"] => 60
                           ["Score"] => table: 0xc00096cba0 {
                                          [1] => 27100
                                          [2] => 0
                                        }
                           ["Fighters"] => table: 0xc00096cc00 {
                                             [1] => table: 0xc00096cc60 {
                                                      [1] => table: 0xc00096ccc0 {
                                                               ["Name"] => "Kung Fu Man"
                                                               ["ID"] => 56
                                                               ["MemberNo"] => 0
                                                               ["SelectNo"] => 0
                                                               ["AILevel"] => 8
                                                               ["PalNo"] => 1
                                                               ["Life"] => 1000
                                                               ["LifeMax"] => 1000
                                                               ["WinQuote"] => -1
                                                               ["Win"] => true
                                                               ["WinKO"] => false
                                                               ["WinTime"] => true
                                                               ["WinPerfect"] => true
                                                               ["WinSpecial"] => false
                                                               ["WinHyper"] => false
                                                               ["DrawGame"] => false
                                                               ["KO"] => false
                                                               ["OverKO"] => false
                                                             }
                                                    }
                                             [2] => table: 0xc00096cd20 {
                                                      [1] => table: 0xc00096cd80 {
                                                               ["Name"] => "Kung Fu Man"
                                                               ["ID"] => 57
                                                               ["MemberNo"] => 0
                                                               ["SelectNo"] => 0
                                                               ["AILevel"] => 8
                                                               ["PalNo"] => 2
                                                               ["Life"] => 928
                                                               ["LifeMax"] => 1000
                                                               ["WinQuote"] => -1
                                                               ["Win"] => false
                                                               ["WinKO"] => false
                                                               ["WinTime"] => false
                                                               ["WinPerfect"] => false
                                                               ["WinSpecial"] => false
                                                               ["WinHyper"] => false
                                                               ["DrawGame"] => false
                                                               ["KO"] => false
                                                               ["OverKO"] => false
                                                             }
                                                    }
                                           }
                         }
                }
}
